// Jest Snapshot v1, https://goo.gl/fbAQLP

exports[`Test the user login page components snapshot 1`] = `null`;
